Running scope as unit: run-rddebd929d74a4fb798c3476c758fac4f.scope
Ultralytics 8.4.12 🚀 Python-3.10.12 torch-2.10.0+cu128 CUDA:0 (NVIDIA GeForce RTX 3060, 11886MiB)
YOLOv8m summary (fused): 92 layers, 25,886,080 parameters, 0 gradients, 78.9 GFLOPs
Results saved to [1m/home/joe/vm-power-attribution/scripts/workloads/runs/detect/predict990[0m
💡 Learn more at https://docs.ultralytics.com/modes/predict
Ultralytics 8.4.12 🚀 Python-3.10.12 torch-2.10.0+cu128 CUDA:0 (NVIDIA GeForce RTX 3060, 11886MiB)
YOLOv8m summary (fused): 92 layers, 25,886,080 parameters, 0 gradients, 78.9 GFLOPs
Results saved to [1m/home/joe/vm-power-attribution/scripts/workloads/runs/detect/predict991[0m
💡 Learn more at https://docs.ultralytics.com/modes/predict
Ultralytics 8.4.12 🚀 Python-3.10.12 torch-2.10.0+cu128 CUDA:0 (NVIDIA GeForce RTX 3060, 11886MiB)
YOLOv8m summary (fused): 92 layers, 25,886,080 parameters, 0 gradients, 78.9 GFLOPs
Results saved to [1m/home/joe/vm-power-attribution/scripts/workloads/runs/detect/predict992[0m
💡 Learn more at https://docs.ultralytics.com/modes/predict
Ultralytics 8.4.12 🚀 Python-3.10.12 torch-2.10.0+cu128 CUDA:0 (NVIDIA GeForce RTX 3060, 11886MiB)
YOLOv8m summary (fused): 92 layers, 25,886,080 parameters, 0 gradients, 78.9 GFLOPs
Results saved to [1m/home/joe/vm-power-attribution/scripts/workloads/runs/detect/predict993[0m
💡 Learn more at https://docs.ultralytics.com/modes/predict
Ultralytics 8.4.12 🚀 Python-3.10.12 torch-2.10.0+cu128 CUDA:0 (NVIDIA GeForce RTX 3060, 11886MiB)
YOLOv8m summary (fused): 92 layers, 25,886,080 parameters, 0 gradients, 78.9 GFLOPs
Results saved to [1m/home/joe/vm-power-attribution/scripts/workloads/runs/detect/predict994[0m
💡 Learn more at https://docs.ultralytics.com/modes/predict
Ultralytics 8.4.12 🚀 Python-3.10.12 torch-2.10.0+cu128 CUDA:0 (NVIDIA GeForce RTX 3060, 11886MiB)
YOLOv8m summary (fused): 92 layers, 25,886,080 parameters, 0 gradients, 78.9 GFLOPs
Results saved to [1m/home/joe/vm-power-attribution/scripts/workloads/runs/detect/predict995[0m
💡 Learn more at https://docs.ultralytics.com/modes/predict
Ultralytics 8.4.12 🚀 Python-3.10.12 torch-2.10.0+cu128 CUDA:0 (NVIDIA GeForce RTX 3060, 11886MiB)
YOLOv8m summary (fused): 92 layers, 25,886,080 parameters, 0 gradients, 78.9 GFLOPs
Results saved to [1m/home/joe/vm-power-attribution/scripts/workloads/runs/detect/predict996[0m
💡 Learn more at https://docs.ultralytics.com/modes/predict
Ultralytics 8.4.12 🚀 Python-3.10.12 torch-2.10.0+cu128 CUDA:0 (NVIDIA GeForce RTX 3060, 11886MiB)
YOLOv8m summary (fused): 92 layers, 25,886,080 parameters, 0 gradients, 78.9 GFLOPs
Results saved to [1m/home/joe/vm-power-attribution/scripts/workloads/runs/detect/predict997[0m
💡 Learn more at https://docs.ultralytics.com/modes/predict
Ultralytics 8.4.12 🚀 Python-3.10.12 torch-2.10.0+cu128 CUDA:0 (NVIDIA GeForce RTX 3060, 11886MiB)
YOLOv8m summary (fused): 92 layers, 25,886,080 parameters, 0 gradients, 78.9 GFLOPs
Results saved to [1m/home/joe/vm-power-attribution/scripts/workloads/runs/detect/predict998[0m
💡 Learn more at https://docs.ultralytics.com/modes/predict
Ultralytics 8.4.12 🚀 Python-3.10.12 torch-2.10.0+cu128 CUDA:0 (NVIDIA GeForce RTX 3060, 11886MiB)
YOLOv8m summary (fused): 92 layers, 25,886,080 parameters, 0 gradients, 78.9 GFLOPs
Results saved to [1m/home/joe/vm-power-attribution/scripts/workloads/runs/detect/predict999[0m
💡 Learn more at https://docs.ultralytics.com/modes/predict
Ultralytics 8.4.12 🚀 Python-3.10.12 torch-2.10.0+cu128 CUDA:0 (NVIDIA GeForce RTX 3060, 11886MiB)
YOLOv8m summary (fused): 92 layers, 25,886,080 parameters, 0 gradients, 78.9 GFLOPs
Results saved to [1m/home/joe/vm-power-attribution/scripts/workloads/runs/detect/predict1000[0m
💡 Learn more at https://docs.ultralytics.com/modes/predict
Ultralytics 8.4.12 🚀 Python-3.10.12 torch-2.10.0+cu128 CUDA:0 (NVIDIA GeForce RTX 3060, 11886MiB)
YOLOv8m summary (fused): 92 layers, 25,886,080 parameters, 0 gradients, 78.9 GFLOPs
Results saved to [1m/home/joe/vm-power-attribution/scripts/workloads/runs/detect/predict1001[0m
💡 Learn more at https://docs.ultralytics.com/modes/predict
Ultralytics 8.4.12 🚀 Python-3.10.12 torch-2.10.0+cu128 CUDA:0 (NVIDIA GeForce RTX 3060, 11886MiB)
YOLOv8m summary (fused): 92 layers, 25,886,080 parameters, 0 gradients, 78.9 GFLOPs
Results saved to [1m/home/joe/vm-power-attribution/scripts/workloads/runs/detect/predict1002[0m
💡 Learn more at https://docs.ultralytics.com/modes/predict
Ultralytics 8.4.12 🚀 Python-3.10.12 torch-2.10.0+cu128 CUDA:0 (NVIDIA GeForce RTX 3060, 11886MiB)
YOLOv8m summary (fused): 92 layers, 25,886,080 parameters, 0 gradients, 78.9 GFLOPs
