Running scope as unit: run-r8047ac96089640e79ecc0dab7552ab72.scope
Ultralytics 8.4.12 🚀 Python-3.10.12 torch-2.10.0+cu128 CUDA:0 (NVIDIA GeForce RTX 3060, 11886MiB)
YOLOv8m summary (fused): 92 layers, 25,886,080 parameters, 0 gradients, 78.9 GFLOPs
Results saved to [1m/home/joe/vm-power-attribution/scripts/workloads/runs/detect/predict758[0m
💡 Learn more at https://docs.ultralytics.com/modes/predict
Ultralytics 8.4.12 🚀 Python-3.10.12 torch-2.10.0+cu128 CUDA:0 (NVIDIA GeForce RTX 3060, 11886MiB)
YOLOv8m summary (fused): 92 layers, 25,886,080 parameters, 0 gradients, 78.9 GFLOPs
Results saved to [1m/home/joe/vm-power-attribution/scripts/workloads/runs/detect/predict759[0m
💡 Learn more at https://docs.ultralytics.com/modes/predict
Ultralytics 8.4.12 🚀 Python-3.10.12 torch-2.10.0+cu128 CUDA:0 (NVIDIA GeForce RTX 3060, 11886MiB)
YOLOv8m summary (fused): 92 layers, 25,886,080 parameters, 0 gradients, 78.9 GFLOPs
Results saved to [1m/home/joe/vm-power-attribution/scripts/workloads/runs/detect/predict760[0m
💡 Learn more at https://docs.ultralytics.com/modes/predict
Ultralytics 8.4.12 🚀 Python-3.10.12 torch-2.10.0+cu128 CUDA:0 (NVIDIA GeForce RTX 3060, 11886MiB)
YOLOv8m summary (fused): 92 layers, 25,886,080 parameters, 0 gradients, 78.9 GFLOPs
Results saved to [1m/home/joe/vm-power-attribution/scripts/workloads/runs/detect/predict761[0m
💡 Learn more at https://docs.ultralytics.com/modes/predict
Ultralytics 8.4.12 🚀 Python-3.10.12 torch-2.10.0+cu128 CUDA:0 (NVIDIA GeForce RTX 3060, 11886MiB)
YOLOv8m summary (fused): 92 layers, 25,886,080 parameters, 0 gradients, 78.9 GFLOPs
Results saved to [1m/home/joe/vm-power-attribution/scripts/workloads/runs/detect/predict762[0m
💡 Learn more at https://docs.ultralytics.com/modes/predict
Ultralytics 8.4.12 🚀 Python-3.10.12 torch-2.10.0+cu128 CUDA:0 (NVIDIA GeForce RTX 3060, 11886MiB)
YOLOv8m summary (fused): 92 layers, 25,886,080 parameters, 0 gradients, 78.9 GFLOPs
Results saved to [1m/home/joe/vm-power-attribution/scripts/workloads/runs/detect/predict763[0m
💡 Learn more at https://docs.ultralytics.com/modes/predict
Ultralytics 8.4.12 🚀 Python-3.10.12 torch-2.10.0+cu128 CUDA:0 (NVIDIA GeForce RTX 3060, 11886MiB)
YOLOv8m summary (fused): 92 layers, 25,886,080 parameters, 0 gradients, 78.9 GFLOPs
Results saved to [1m/home/joe/vm-power-attribution/scripts/workloads/runs/detect/predict764[0m
💡 Learn more at https://docs.ultralytics.com/modes/predict
Ultralytics 8.4.12 🚀 Python-3.10.12 torch-2.10.0+cu128 CUDA:0 (NVIDIA GeForce RTX 3060, 11886MiB)
YOLOv8m summary (fused): 92 layers, 25,886,080 parameters, 0 gradients, 78.9 GFLOPs
Results saved to [1m/home/joe/vm-power-attribution/scripts/workloads/runs/detect/predict765[0m
💡 Learn more at https://docs.ultralytics.com/modes/predict
Ultralytics 8.4.12 🚀 Python-3.10.12 torch-2.10.0+cu128 CUDA:0 (NVIDIA GeForce RTX 3060, 11886MiB)
YOLOv8m summary (fused): 92 layers, 25,886,080 parameters, 0 gradients, 78.9 GFLOPs
Results saved to [1m/home/joe/vm-power-attribution/scripts/workloads/runs/detect/predict766[0m
💡 Learn more at https://docs.ultralytics.com/modes/predict
Ultralytics 8.4.12 🚀 Python-3.10.12 torch-2.10.0+cu128 CUDA:0 (NVIDIA GeForce RTX 3060, 11886MiB)
YOLOv8m summary (fused): 92 layers, 25,886,080 parameters, 0 gradients, 78.9 GFLOPs
Results saved to [1m/home/joe/vm-power-attribution/scripts/workloads/runs/detect/predict767[0m
💡 Learn more at https://docs.ultralytics.com/modes/predict
Ultralytics 8.4.12 🚀 Python-3.10.12 torch-2.10.0+cu128 CUDA:0 (NVIDIA GeForce RTX 3060, 11886MiB)
YOLOv8m summary (fused): 92 layers, 25,886,080 parameters, 0 gradients, 78.9 GFLOPs
Results saved to [1m/home/joe/vm-power-attribution/scripts/workloads/runs/detect/predict768[0m
💡 Learn more at https://docs.ultralytics.com/modes/predict
Ultralytics 8.4.12 🚀 Python-3.10.12 torch-2.10.0+cu128 CUDA:0 (NVIDIA GeForce RTX 3060, 11886MiB)
YOLOv8m summary (fused): 92 layers, 25,886,080 parameters, 0 gradients, 78.9 GFLOPs
Results saved to [1m/home/joe/vm-power-attribution/scripts/workloads/runs/detect/predict769[0m
💡 Learn more at https://docs.ultralytics.com/modes/predict
Ultralytics 8.4.12 🚀 Python-3.10.12 torch-2.10.0+cu128 CUDA:0 (NVIDIA GeForce RTX 3060, 11886MiB)
YOLOv8m summary (fused): 92 layers, 25,886,080 parameters, 0 gradients, 78.9 GFLOPs
Results saved to [1m/home/joe/vm-power-attribution/scripts/workloads/runs/detect/predict770[0m
💡 Learn more at https://docs.ultralytics.com/modes/predict
Ultralytics 8.4.12 🚀 Python-3.10.12 torch-2.10.0+cu128 CUDA:0 (NVIDIA GeForce RTX 3060, 11886MiB)
YOLOv8m summary (fused): 92 layers, 25,886,080 parameters, 0 gradients, 78.9 GFLOPs
