Running scope as unit: run-rd02c57384514419c878a70b64f480748.scope
Ultralytics 8.4.12 🚀 Python-3.10.12 torch-2.10.0+cu128 CUDA:0 (NVIDIA GeForce RTX 3060, 11886MiB)
YOLOv8m summary (fused): 92 layers, 25,886,080 parameters, 0 gradients, 78.9 GFLOPs
Results saved to [1m/home/joe/vm-power-attribution/scripts/workloads/runs/detect/predict827[0m
💡 Learn more at https://docs.ultralytics.com/modes/predict
Ultralytics 8.4.12 🚀 Python-3.10.12 torch-2.10.0+cu128 CUDA:0 (NVIDIA GeForce RTX 3060, 11886MiB)
YOLOv8m summary (fused): 92 layers, 25,886,080 parameters, 0 gradients, 78.9 GFLOPs
Results saved to [1m/home/joe/vm-power-attribution/scripts/workloads/runs/detect/predict828[0m
💡 Learn more at https://docs.ultralytics.com/modes/predict
Ultralytics 8.4.12 🚀 Python-3.10.12 torch-2.10.0+cu128 CUDA:0 (NVIDIA GeForce RTX 3060, 11886MiB)
YOLOv8m summary (fused): 92 layers, 25,886,080 parameters, 0 gradients, 78.9 GFLOPs
Results saved to [1m/home/joe/vm-power-attribution/scripts/workloads/runs/detect/predict829[0m
💡 Learn more at https://docs.ultralytics.com/modes/predict
Ultralytics 8.4.12 🚀 Python-3.10.12 torch-2.10.0+cu128 CUDA:0 (NVIDIA GeForce RTX 3060, 11886MiB)
YOLOv8m summary (fused): 92 layers, 25,886,080 parameters, 0 gradients, 78.9 GFLOPs
Results saved to [1m/home/joe/vm-power-attribution/scripts/workloads/runs/detect/predict830[0m
💡 Learn more at https://docs.ultralytics.com/modes/predict
Ultralytics 8.4.12 🚀 Python-3.10.12 torch-2.10.0+cu128 CUDA:0 (NVIDIA GeForce RTX 3060, 11886MiB)
YOLOv8m summary (fused): 92 layers, 25,886,080 parameters, 0 gradients, 78.9 GFLOPs
Results saved to [1m/home/joe/vm-power-attribution/scripts/workloads/runs/detect/predict831[0m
💡 Learn more at https://docs.ultralytics.com/modes/predict
Ultralytics 8.4.12 🚀 Python-3.10.12 torch-2.10.0+cu128 CUDA:0 (NVIDIA GeForce RTX 3060, 11886MiB)
YOLOv8m summary (fused): 92 layers, 25,886,080 parameters, 0 gradients, 78.9 GFLOPs
Results saved to [1m/home/joe/vm-power-attribution/scripts/workloads/runs/detect/predict832[0m
💡 Learn more at https://docs.ultralytics.com/modes/predict
Ultralytics 8.4.12 🚀 Python-3.10.12 torch-2.10.0+cu128 CUDA:0 (NVIDIA GeForce RTX 3060, 11886MiB)
YOLOv8m summary (fused): 92 layers, 25,886,080 parameters, 0 gradients, 78.9 GFLOPs
Results saved to [1m/home/joe/vm-power-attribution/scripts/workloads/runs/detect/predict833[0m
💡 Learn more at https://docs.ultralytics.com/modes/predict
Ultralytics 8.4.12 🚀 Python-3.10.12 torch-2.10.0+cu128 CUDA:0 (NVIDIA GeForce RTX 3060, 11886MiB)
YOLOv8m summary (fused): 92 layers, 25,886,080 parameters, 0 gradients, 78.9 GFLOPs
Results saved to [1m/home/joe/vm-power-attribution/scripts/workloads/runs/detect/predict834[0m
💡 Learn more at https://docs.ultralytics.com/modes/predict
Ultralytics 8.4.12 🚀 Python-3.10.12 torch-2.10.0+cu128 CUDA:0 (NVIDIA GeForce RTX 3060, 11886MiB)
YOLOv8m summary (fused): 92 layers, 25,886,080 parameters, 0 gradients, 78.9 GFLOPs
Results saved to [1m/home/joe/vm-power-attribution/scripts/workloads/runs/detect/predict835[0m
💡 Learn more at https://docs.ultralytics.com/modes/predict
Ultralytics 8.4.12 🚀 Python-3.10.12 torch-2.10.0+cu128 CUDA:0 (NVIDIA GeForce RTX 3060, 11886MiB)
YOLOv8m summary (fused): 92 layers, 25,886,080 parameters, 0 gradients, 78.9 GFLOPs
Results saved to [1m/home/joe/vm-power-attribution/scripts/workloads/runs/detect/predict836[0m
💡 Learn more at https://docs.ultralytics.com/modes/predict
Ultralytics 8.4.12 🚀 Python-3.10.12 torch-2.10.0+cu128 CUDA:0 (NVIDIA GeForce RTX 3060, 11886MiB)
YOLOv8m summary (fused): 92 layers, 25,886,080 parameters, 0 gradients, 78.9 GFLOPs
Results saved to [1m/home/joe/vm-power-attribution/scripts/workloads/runs/detect/predict837[0m
💡 Learn more at https://docs.ultralytics.com/modes/predict
Ultralytics 8.4.12 🚀 Python-3.10.12 torch-2.10.0+cu128 CUDA:0 (NVIDIA GeForce RTX 3060, 11886MiB)
YOLOv8m summary (fused): 92 layers, 25,886,080 parameters, 0 gradients, 78.9 GFLOPs
Results saved to [1m/home/joe/vm-power-attribution/scripts/workloads/runs/detect/predict838[0m
💡 Learn more at https://docs.ultralytics.com/modes/predict
Ultralytics 8.4.12 🚀 Python-3.10.12 torch-2.10.0+cu128 CUDA:0 (NVIDIA GeForce RTX 3060, 11886MiB)
YOLOv8m summary (fused): 92 layers, 25,886,080 parameters, 0 gradients, 78.9 GFLOPs
Results saved to [1m/home/joe/vm-power-attribution/scripts/workloads/runs/detect/predict839[0m
💡 Learn more at https://docs.ultralytics.com/modes/predict
