Running scope as unit: run-re7cbf74de3cc4b04b4db503674953a39.scope
Ultralytics 8.4.12 🚀 Python-3.10.12 torch-2.10.0+cu128 CUDA:0 (NVIDIA GeForce RTX 3060, 11886MiB)
YOLOv8m summary (fused): 92 layers, 25,886,080 parameters, 0 gradients, 78.9 GFLOPs
Results saved to [1m/home/joe/vm-power-attribution/scripts/workloads/runs/detect/predict935[0m
💡 Learn more at https://docs.ultralytics.com/modes/predict
Ultralytics 8.4.12 🚀 Python-3.10.12 torch-2.10.0+cu128 CUDA:0 (NVIDIA GeForce RTX 3060, 11886MiB)
YOLOv8m summary (fused): 92 layers, 25,886,080 parameters, 0 gradients, 78.9 GFLOPs
Results saved to [1m/home/joe/vm-power-attribution/scripts/workloads/runs/detect/predict936[0m
💡 Learn more at https://docs.ultralytics.com/modes/predict
Ultralytics 8.4.12 🚀 Python-3.10.12 torch-2.10.0+cu128 CUDA:0 (NVIDIA GeForce RTX 3060, 11886MiB)
YOLOv8m summary (fused): 92 layers, 25,886,080 parameters, 0 gradients, 78.9 GFLOPs
Results saved to [1m/home/joe/vm-power-attribution/scripts/workloads/runs/detect/predict937[0m
💡 Learn more at https://docs.ultralytics.com/modes/predict
Ultralytics 8.4.12 🚀 Python-3.10.12 torch-2.10.0+cu128 CUDA:0 (NVIDIA GeForce RTX 3060, 11886MiB)
YOLOv8m summary (fused): 92 layers, 25,886,080 parameters, 0 gradients, 78.9 GFLOPs
Results saved to [1m/home/joe/vm-power-attribution/scripts/workloads/runs/detect/predict938[0m
💡 Learn more at https://docs.ultralytics.com/modes/predict
Ultralytics 8.4.12 🚀 Python-3.10.12 torch-2.10.0+cu128 CUDA:0 (NVIDIA GeForce RTX 3060, 11886MiB)
YOLOv8m summary (fused): 92 layers, 25,886,080 parameters, 0 gradients, 78.9 GFLOPs
Results saved to [1m/home/joe/vm-power-attribution/scripts/workloads/runs/detect/predict939[0m
💡 Learn more at https://docs.ultralytics.com/modes/predict
Ultralytics 8.4.12 🚀 Python-3.10.12 torch-2.10.0+cu128 CUDA:0 (NVIDIA GeForce RTX 3060, 11886MiB)
YOLOv8m summary (fused): 92 layers, 25,886,080 parameters, 0 gradients, 78.9 GFLOPs
Results saved to [1m/home/joe/vm-power-attribution/scripts/workloads/runs/detect/predict940[0m
💡 Learn more at https://docs.ultralytics.com/modes/predict
Ultralytics 8.4.12 🚀 Python-3.10.12 torch-2.10.0+cu128 CUDA:0 (NVIDIA GeForce RTX 3060, 11886MiB)
YOLOv8m summary (fused): 92 layers, 25,886,080 parameters, 0 gradients, 78.9 GFLOPs
Results saved to [1m/home/joe/vm-power-attribution/scripts/workloads/runs/detect/predict941[0m
💡 Learn more at https://docs.ultralytics.com/modes/predict
Ultralytics 8.4.12 🚀 Python-3.10.12 torch-2.10.0+cu128 CUDA:0 (NVIDIA GeForce RTX 3060, 11886MiB)
YOLOv8m summary (fused): 92 layers, 25,886,080 parameters, 0 gradients, 78.9 GFLOPs
Results saved to [1m/home/joe/vm-power-attribution/scripts/workloads/runs/detect/predict942[0m
💡 Learn more at https://docs.ultralytics.com/modes/predict
Ultralytics 8.4.12 🚀 Python-3.10.12 torch-2.10.0+cu128 CUDA:0 (NVIDIA GeForce RTX 3060, 11886MiB)
YOLOv8m summary (fused): 92 layers, 25,886,080 parameters, 0 gradients, 78.9 GFLOPs
Results saved to [1m/home/joe/vm-power-attribution/scripts/workloads/runs/detect/predict943[0m
💡 Learn more at https://docs.ultralytics.com/modes/predict
Ultralytics 8.4.12 🚀 Python-3.10.12 torch-2.10.0+cu128 CUDA:0 (NVIDIA GeForce RTX 3060, 11886MiB)
YOLOv8m summary (fused): 92 layers, 25,886,080 parameters, 0 gradients, 78.9 GFLOPs
Results saved to [1m/home/joe/vm-power-attribution/scripts/workloads/runs/detect/predict944[0m
💡 Learn more at https://docs.ultralytics.com/modes/predict
Ultralytics 8.4.12 🚀 Python-3.10.12 torch-2.10.0+cu128 CUDA:0 (NVIDIA GeForce RTX 3060, 11886MiB)
YOLOv8m summary (fused): 92 layers, 25,886,080 parameters, 0 gradients, 78.9 GFLOPs
Results saved to [1m/home/joe/vm-power-attribution/scripts/workloads/runs/detect/predict945[0m
💡 Learn more at https://docs.ultralytics.com/modes/predict
Ultralytics 8.4.12 🚀 Python-3.10.12 torch-2.10.0+cu128 CUDA:0 (NVIDIA GeForce RTX 3060, 11886MiB)
YOLOv8m summary (fused): 92 layers, 25,886,080 parameters, 0 gradients, 78.9 GFLOPs
Results saved to [1m/home/joe/vm-power-attribution/scripts/workloads/runs/detect/predict946[0m
💡 Learn more at https://docs.ultralytics.com/modes/predict
Ultralytics 8.4.12 🚀 Python-3.10.12 torch-2.10.0+cu128 CUDA:0 (NVIDIA GeForce RTX 3060, 11886MiB)
YOLOv8m summary (fused): 92 layers, 25,886,080 parameters, 0 gradients, 78.9 GFLOPs
Results saved to [1m/home/joe/vm-power-attribution/scripts/workloads/runs/detect/predict947[0m
💡 Learn more at https://docs.ultralytics.com/modes/predict
Ultralytics 8.4.12 🚀 Python-3.10.12 torch-2.10.0+cu128 CUDA:0 (NVIDIA GeForce RTX 3060, 11886MiB)
YOLOv8m summary (fused): 92 layers, 25,886,080 parameters, 0 gradients, 78.9 GFLOPs
