Running scope as unit: run-r2bb86c651a134a1987e72e183290ae7d.scope
Ultralytics 8.4.12 🚀 Python-3.10.12 torch-2.10.0+cu128 CUDA:0 (NVIDIA GeForce RTX 3060, 11886MiB)
YOLOv8m summary (fused): 92 layers, 25,886,080 parameters, 0 gradients, 78.9 GFLOPs
Results saved to [1m/home/joe/vm-power-attribution/scripts/workloads/runs/detect/predict689[0m
💡 Learn more at https://docs.ultralytics.com/modes/predict
Ultralytics 8.4.12 🚀 Python-3.10.12 torch-2.10.0+cu128 CUDA:0 (NVIDIA GeForce RTX 3060, 11886MiB)
YOLOv8m summary (fused): 92 layers, 25,886,080 parameters, 0 gradients, 78.9 GFLOPs
Results saved to [1m/home/joe/vm-power-attribution/scripts/workloads/runs/detect/predict690[0m
💡 Learn more at https://docs.ultralytics.com/modes/predict
Ultralytics 8.4.12 🚀 Python-3.10.12 torch-2.10.0+cu128 CUDA:0 (NVIDIA GeForce RTX 3060, 11886MiB)
YOLOv8m summary (fused): 92 layers, 25,886,080 parameters, 0 gradients, 78.9 GFLOPs
Results saved to [1m/home/joe/vm-power-attribution/scripts/workloads/runs/detect/predict691[0m
💡 Learn more at https://docs.ultralytics.com/modes/predict
Ultralytics 8.4.12 🚀 Python-3.10.12 torch-2.10.0+cu128 CUDA:0 (NVIDIA GeForce RTX 3060, 11886MiB)
YOLOv8m summary (fused): 92 layers, 25,886,080 parameters, 0 gradients, 78.9 GFLOPs
Results saved to [1m/home/joe/vm-power-attribution/scripts/workloads/runs/detect/predict692[0m
💡 Learn more at https://docs.ultralytics.com/modes/predict
Ultralytics 8.4.12 🚀 Python-3.10.12 torch-2.10.0+cu128 CUDA:0 (NVIDIA GeForce RTX 3060, 11886MiB)
YOLOv8m summary (fused): 92 layers, 25,886,080 parameters, 0 gradients, 78.9 GFLOPs
Results saved to [1m/home/joe/vm-power-attribution/scripts/workloads/runs/detect/predict693[0m
💡 Learn more at https://docs.ultralytics.com/modes/predict
Ultralytics 8.4.12 🚀 Python-3.10.12 torch-2.10.0+cu128 CUDA:0 (NVIDIA GeForce RTX 3060, 11886MiB)
YOLOv8m summary (fused): 92 layers, 25,886,080 parameters, 0 gradients, 78.9 GFLOPs
Results saved to [1m/home/joe/vm-power-attribution/scripts/workloads/runs/detect/predict694[0m
💡 Learn more at https://docs.ultralytics.com/modes/predict
Ultralytics 8.4.12 🚀 Python-3.10.12 torch-2.10.0+cu128 CUDA:0 (NVIDIA GeForce RTX 3060, 11886MiB)
YOLOv8m summary (fused): 92 layers, 25,886,080 parameters, 0 gradients, 78.9 GFLOPs
Results saved to [1m/home/joe/vm-power-attribution/scripts/workloads/runs/detect/predict695[0m
💡 Learn more at https://docs.ultralytics.com/modes/predict
Ultralytics 8.4.12 🚀 Python-3.10.12 torch-2.10.0+cu128 CUDA:0 (NVIDIA GeForce RTX 3060, 11886MiB)
YOLOv8m summary (fused): 92 layers, 25,886,080 parameters, 0 gradients, 78.9 GFLOPs
Results saved to [1m/home/joe/vm-power-attribution/scripts/workloads/runs/detect/predict696[0m
💡 Learn more at https://docs.ultralytics.com/modes/predict
Ultralytics 8.4.12 🚀 Python-3.10.12 torch-2.10.0+cu128 CUDA:0 (NVIDIA GeForce RTX 3060, 11886MiB)
YOLOv8m summary (fused): 92 layers, 25,886,080 parameters, 0 gradients, 78.9 GFLOPs
Results saved to [1m/home/joe/vm-power-attribution/scripts/workloads/runs/detect/predict697[0m
💡 Learn more at https://docs.ultralytics.com/modes/predict
Ultralytics 8.4.12 🚀 Python-3.10.12 torch-2.10.0+cu128 CUDA:0 (NVIDIA GeForce RTX 3060, 11886MiB)
YOLOv8m summary (fused): 92 layers, 25,886,080 parameters, 0 gradients, 78.9 GFLOPs
Results saved to [1m/home/joe/vm-power-attribution/scripts/workloads/runs/detect/predict698[0m
💡 Learn more at https://docs.ultralytics.com/modes/predict
Ultralytics 8.4.12 🚀 Python-3.10.12 torch-2.10.0+cu128 CUDA:0 (NVIDIA GeForce RTX 3060, 11886MiB)
YOLOv8m summary (fused): 92 layers, 25,886,080 parameters, 0 gradients, 78.9 GFLOPs
Results saved to [1m/home/joe/vm-power-attribution/scripts/workloads/runs/detect/predict699[0m
💡 Learn more at https://docs.ultralytics.com/modes/predict
Ultralytics 8.4.12 🚀 Python-3.10.12 torch-2.10.0+cu128 CUDA:0 (NVIDIA GeForce RTX 3060, 11886MiB)
YOLOv8m summary (fused): 92 layers, 25,886,080 parameters, 0 gradients, 78.9 GFLOPs
Results saved to [1m/home/joe/vm-power-attribution/scripts/workloads/runs/detect/predict700[0m
💡 Learn more at https://docs.ultralytics.com/modes/predict
Ultralytics 8.4.12 🚀 Python-3.10.12 torch-2.10.0+cu128 CUDA:0 (NVIDIA GeForce RTX 3060, 11886MiB)
YOLOv8m summary (fused): 92 layers, 25,886,080 parameters, 0 gradients, 78.9 GFLOPs
Results saved to [1m/home/joe/vm-power-attribution/scripts/workloads/runs/detect/predict701[0m
💡 Learn more at https://docs.ultralytics.com/modes/predict
Ultralytics 8.4.12 🚀 Python-3.10.12 torch-2.10.0+cu128 CUDA:0 (NVIDIA GeForce RTX 3060, 11886MiB)
YOLOv8m summary (fused): 92 layers, 25,886,080 parameters, 0 gradients, 78.9 GFLOPs
